<span class="MadTeaParty myComponent">
    <span class="MadTeaParty--march-title myTitle">Super Title</span>
    <span class="MadTeaParty--march-text myText">Awesome Text</span>
</span>
